// Vitest Snapshot v1, https://vitest.dev/guide/snapshot.html

exports[`webpackConfig > should allow to append and prepend plugins 1`] = `
[
  DefinePlugin {
    "definitions": {
      "foo": "2",
    },
  },
  MiniCssExtractPlugin {
    "_sortedModulesCache": WeakMap {},
    "options": {
      "chunkFilename": "static/css/async/[name].css",
      "experimentalUseImportModule": undefined,
      "filename": "static/css/[name].css",
      "ignoreOrder": true,
      "runtime": true,
    },
    "runtimeOptions": {
      "attributes": undefined,
      "insert": undefined,
      "linkType": "text/css",
    },
  },
  HotModuleReplacementPlugin {
    "options": {},
  },
  HtmlWebpackPlugin {
    "userOptions": {
      "chunks": [
        "index",
      ],
      "entryName": "index",
      "filename": "index.html",
      "inject": "head",
      "meta": {
        "charset": {
          "charset": "UTF-8",
        },
        "viewport": "width=device-width, initial-scale=1.0",
      },
      "minify": false,
      "scriptLoading": "defer",
      "template": "<ROOT>/packages/core/static/template.html",
      "templateParameters": [Function],
    },
    "version": 5,
  },
  HtmlBasicPlugin {
    "name": "HtmlBasicPlugin",
    "options": {
      "info": {
        "index": {
          "title": "Rsbuild App",
        },
      },
    },
  },
  DefinePlugin {
    "definitions": {
      "process.env.ASSET_PREFIX": """",
      "process.env.NODE_ENV": ""test"",
    },
  },
  ProgressPlugin {
    "compileTime": null,
    "dependenciesCount": 10000,
    "handler": [Function],
    "hasCompileErrors": false,
    "id": "Client",
    "modulesCount": 5000,
    "name": "ProgressPlugin",
    "percentBy": null,
    "profile": false,
    "showActiveModules": false,
    "showDependencies": true,
    "showEntries": true,
    "showModules": true,
  },
  DefinePlugin {
    "definitions": {
      "foo": "1",
    },
  },
]
`;

exports[`webpackConfig > should allow to use tools.webpackChain to modify config 1`] = `
{
  "devtool": "eval",
}
`;

exports[`webpackConfig > should allow tools.webpack to be an array 1`] = `
{
  "devtool": "source-map",
}
`;

exports[`webpackConfig > should allow tools.webpack to be an object 1`] = `
{
  "devtool": "eval",
}
`;

exports[`webpackConfig > should allow tools.webpack to modify config object 1`] = `
{
  "devtool": "eval",
}
`;

exports[`webpackConfig > should allow tools.webpack to return config 1`] = `
{
  "devtool": "eval",
}
`;

exports[`webpackConfig > should allow tools.webpackChain to be an array 1`] = `
{
  "devtool": "source-map",
}
`;

exports[`webpackConfig > should provide mergeConfig util in tools.webpack function 1`] = `
{
  "devtool": "eval",
}
`;
