// Vitest Snapshot v1, https://vitest.dev/guide/snapshot.html

exports[`plugin-define > should register define plugin correctly 1`] = `
{
  "plugins": [
    Plugin {
      "_options": {
        "NAME": ""Jack"",
        "process.env.ASSET_PREFIX": """",
        "process.env.NODE_ENV": ""test"",
      },
      "name": "DefinePlugin",
    },
  ],
}
`;
