// Vitest Snapshot v1, https://vitest.dev/guide/snapshot.html

exports[`plugin-pug > should add pug correctly when tools.pug is used 1`] = `
{
  "entry": {
    "foo": [
      "src/foo.ts",
    ],
    "main": [
      "src/main.ts",
    ],
  },
  "plugins": [
    HtmlWebpackPlugin {
      "userOptions": {
        "chunks": [
          "main",
        ],
        "filename": "main.html",
        "inject": "head",
        "minify": false,
        "scriptLoading": "defer",
        "template": "foo.pug",
        "templateCompiler": {
          "compile": [Function],
        },
        "templateParameters": [Function],
      },
      "version": 5,
    },
    HtmlWebpackPlugin {
      "userOptions": {
        "chunks": [
          "foo",
        ],
        "filename": "foo.html",
        "inject": "head",
        "minify": false,
        "scriptLoading": "defer",
        "template": "bar.html",
        "templateParameters": [Function],
      },
      "version": 5,
    },
  ],
}
`;
