// Vitest Snapshot v1, https://vitest.dev/guide/snapshot.html

exports[`plugin-assets-retry > should accept user custom options 1`] = `
{
  "plugins": [
    AssetsRetryPlugin {
      "HtmlPlugin": [Function],
      "distDir": "static/js",
      "inlineScript": true,
      "minify": true,
      "name": "AssetsRetryPlugin",
      "scriptPath": "",
    },
    AsyncChunkRetryPlugin {
      "name": "ASYNC_CHUNK_RETRY_PLUGIN",
      "options": {
        "crossOrigin": true,
        "domain": [
          "/http/localhost:3003",
          "/http/localhost:3002",
          "/http/localhost:3001",
          "/http/localhost:3000",
        ],
        "inlineScript": true,
        "isRspack": false,
        "max": 4,
        "minify": true,
        "onFail": [Function],
        "onRetry": [Function],
        "onSuccess": [Function],
        "test": [Function],
        "type": [
          "script",
          "link",
        ],
      },
      "runtimeOptions": {
        "domain": [
          "/http/localhost:3003",
          "/http/localhost:3002",
          "/http/localhost:3001",
          "/http/localhost:3000",
        ],
        "max": 4,
        "onFail": [Function],
        "onRetry": [Function],
        "onSuccess": [Function],
        "test": [Function],
      },
    },
  ],
}
`;

exports[`plugin-assets-retry > should add assets retry plugin 1`] = `
{
  "plugins": [
    AssetsRetryPlugin {
      "HtmlPlugin": [Function],
      "distDir": "static/js",
      "inlineScript": true,
      "minify": true,
      "name": "AssetsRetryPlugin",
      "scriptPath": "",
    },
    AsyncChunkRetryPlugin {
      "name": "ASYNC_CHUNK_RETRY_PLUGIN",
      "options": {
        "crossOrigin": false,
        "isRspack": false,
        "minify": true,
      },
      "runtimeOptions": {},
    },
  ],
}
`;

exports[`plugin-assets-retry > should't add assets retry plugin when target is set to 'node' 1`] = `{}`;
