// Vitest Snapshot v1, https://vitest.dev/guide/snapshot.html

exports[`webpackConfig > should allow to append and prepend plugins 1`] = `
[
  DefinePlugin {
    "definitions": {
      "foo": "2",
    },
  },
  DefinePlugin {
    "definitions": {
      "process.env.ASSET_PREFIX": """",
      "process.env.NODE_ENV": ""test"",
    },
  },
  MiniCssExtractPlugin {
    "_sortedModulesCache": WeakMap {},
    "options": {
      "chunkFilename": "static/css/async/[name].css",
      "experimentalUseImportModule": undefined,
      "filename": "static/css/[name].css",
      "ignoreOrder": true,
      "runtime": true,
    },
    "runtimeOptions": {
      "attributes": undefined,
      "insert": undefined,
      "linkType": "text/css",
    },
  },
  HotModuleReplacementPlugin {
    "options": {},
  },
  ProgressPlugin {
    "compileTime": null,
    "dependenciesCount": 10000,
    "disableTsChecker": undefined,
    "handler": [Function],
    "hasCompileErrors": false,
    "id": "Client",
    "modulesCount": 5000,
    "name": "ProgressPlugin",
    "percentBy": null,
    "profile": false,
    "showActiveModules": false,
    "showDependencies": true,
    "showEntries": true,
    "showModules": true,
  },
  ReactRefreshPlugin {
    "options": {
      "exclude": [
        /node_modules/,
      ],
      "include": /\\\\\\.\\(\\[cm\\]js\\|\\[jt\\]sx\\?\\|flow\\)\\$/i,
      "overlay": false,
    },
  },
  DefinePlugin {
    "definitions": {
      "foo": "1",
    },
  },
]
`;

exports[`webpackConfig > should allow to use tools.webpackChain to modify config 1`] = `
{
  "context": "<ROOT>",
  "devtool": "eval",
  "infrastructureLogging": {
    "level": "error",
  },
  "mode": "development",
  "module": {
    "parser": {
      "javascript": {
        "exportsPresence": "error",
      },
    },
  },
  "name": "Client",
  "performance": {
    "maxAssetSize": 3000000,
    "maxEntrypointSize": 3000000,
  },
}
`;

exports[`webpackConfig > should allow tools.webpack to be an array 1`] = `
{
  "context": "<ROOT>",
  "devtool": "source-map",
  "infrastructureLogging": {
    "level": "error",
  },
  "mode": "development",
  "module": {
    "parser": {
      "javascript": {
        "exportsPresence": "error",
      },
    },
  },
  "name": "Client",
  "performance": {
    "maxAssetSize": 3000000,
    "maxEntrypointSize": 3000000,
  },
}
`;

exports[`webpackConfig > should allow tools.webpack to be an object 1`] = `
{
  "context": "<ROOT>",
  "devtool": "eval",
  "infrastructureLogging": {
    "level": "error",
  },
  "mode": "development",
  "module": {
    "parser": {
      "javascript": {
        "exportsPresence": "error",
      },
    },
  },
  "name": "Client",
  "performance": {
    "maxAssetSize": 3000000,
    "maxEntrypointSize": 3000000,
  },
}
`;

exports[`webpackConfig > should allow tools.webpack to modify config object 1`] = `
{
  "context": "<ROOT>",
  "devtool": "eval",
  "infrastructureLogging": {
    "level": "error",
  },
  "mode": "development",
  "module": {
    "parser": {
      "javascript": {
        "exportsPresence": "error",
      },
    },
  },
  "name": "Client",
  "performance": {
    "maxAssetSize": 3000000,
    "maxEntrypointSize": 3000000,
  },
}
`;

exports[`webpackConfig > should allow tools.webpack to return config 1`] = `
{
  "context": "<ROOT>",
  "devtool": "eval",
  "infrastructureLogging": {
    "level": "error",
  },
  "mode": "development",
  "module": {
    "parser": {
      "javascript": {
        "exportsPresence": "error",
      },
    },
  },
  "name": "Client",
  "performance": {
    "maxAssetSize": 3000000,
    "maxEntrypointSize": 3000000,
  },
}
`;

exports[`webpackConfig > should allow tools.webpackChain to be an array 1`] = `
{
  "context": "<ROOT>",
  "devtool": "source-map",
  "infrastructureLogging": {
    "level": "error",
  },
  "mode": "development",
  "module": {
    "parser": {
      "javascript": {
        "exportsPresence": "error",
      },
    },
  },
  "name": "Client",
  "performance": {
    "maxAssetSize": 3000000,
    "maxEntrypointSize": 3000000,
  },
}
`;

exports[`webpackConfig > should not have any pluginImport in Babel 1`] = `
[
  {
    "include": [
      {
        "and": [
          "<ROOT>",
          {
            "not": /\\[\\\\\\\\/\\]node_modules\\[\\\\\\\\/\\]/,
          },
        ],
      },
    ],
    "test": /\\\\\\.\\(js\\|mjs\\|cjs\\|jsx\\)\\$\\|\\\\\\.\\(ts\\|mts\\|cts\\|tsx\\)\\$/,
    "use": [
      {
        "loader": "<ROOT>/packages/shared/compiled/babel-loader",
        "options": {
          "babelrc": false,
          "compact": false,
          "configFile": false,
          "plugins": [
            [
              "<ROOT>/node_modules/<PNPM_INNER>/@babel/plugin-proposal-decorators/lib/index.js",
              {
                "version": "legacy",
              },
            ],
            "<ROOT>/node_modules/<PNPM_INNER>/@babel/plugin-proposal-export-default-from/lib/index.js",
            "<ROOT>/node_modules/<PNPM_INNER>/@babel/plugin-proposal-partial-application/lib/index.js",
            [
              "<ROOT>/node_modules/<PNPM_INNER>/@babel/plugin-proposal-pipeline-operator/lib/index.js",
              {
                "proposal": "minimal",
              },
            ],
            [
              "<ROOT>/node_modules/<PNPM_INNER>/@babel/plugin-transform-runtime/lib/index.js",
              {
                "useESModules": true,
                "version": "7.23.2",
              },
            ],
            "<ROOT>/packages/babel-preset/dist/pluginLockCorejsVersion",
            [
              "<ROOT>/packages/webpack/compiled/babel-plugin-lodash",
              {},
            ],
            [
              "<ROOT>/node_modules/<PNPM_INNER>/babel-plugin-styled-components/lib/index.js",
              {
                "displayName": true,
                "pure": false,
                "ssr": false,
                "transpileTemplateLiterals": true,
              },
            ],
          ],
          "presets": [
            [
              "<ROOT>/node_modules/<PNPM_INNER>/@babel/preset-env/lib/index.js",
              {
                "bugfixes": true,
                "corejs": {
                  "proposals": true,
                  "version": "3.32",
                },
                "exclude": [
                  "transform-typeof-symbol",
                ],
                "modules": "commonjs",
                "targets": [
                  "chrome >= 87",
                  "edge >= 88",
                  "firefox >= 78",
                  "safari >= 14",
                ],
                "useBuiltIns": "entry",
              },
            ],
            [
              "<ROOT>/node_modules/<PNPM_INNER>/@babel/preset-typescript/lib/index.js",
              {
                "allExtensions": true,
                "allowDeclareFields": true,
                "allowNamespaces": true,
                "isTSX": true,
                "optimizeConstEnums": true,
              },
            ],
          ],
        },
      },
    ],
  },
  {
    "mimetype": {
      "or": [
        "text/javascript",
        "application/javascript",
      ],
    },
    "use": [
      {
        "loader": "<ROOT>/packages/shared/compiled/babel-loader",
        "options": {
          "babelrc": false,
          "compact": false,
          "configFile": false,
          "plugins": [
            [
              "<ROOT>/node_modules/<PNPM_INNER>/@babel/plugin-proposal-decorators/lib/index.js",
              {
                "version": "legacy",
              },
            ],
            "<ROOT>/node_modules/<PNPM_INNER>/@babel/plugin-proposal-export-default-from/lib/index.js",
            "<ROOT>/node_modules/<PNPM_INNER>/@babel/plugin-proposal-partial-application/lib/index.js",
            [
              "<ROOT>/node_modules/<PNPM_INNER>/@babel/plugin-proposal-pipeline-operator/lib/index.js",
              {
                "proposal": "minimal",
              },
            ],
            [
              "<ROOT>/node_modules/<PNPM_INNER>/@babel/plugin-transform-runtime/lib/index.js",
              {
                "useESModules": true,
                "version": "7.23.2",
              },
            ],
            "<ROOT>/packages/babel-preset/dist/pluginLockCorejsVersion",
            [
              "<ROOT>/packages/webpack/compiled/babel-plugin-lodash",
              {},
            ],
          ],
          "presets": [
            [
              "<ROOT>/node_modules/<PNPM_INNER>/@babel/preset-env/lib/index.js",
              {
                "bugfixes": true,
                "corejs": {
                  "proposals": true,
                  "version": "3.32",
                },
                "exclude": [
                  "transform-typeof-symbol",
                ],
                "modules": "commonjs",
                "targets": [
                  "chrome >= 87",
                  "edge >= 88",
                  "firefox >= 78",
                  "safari >= 14",
                ],
                "useBuiltIns": "entry",
              },
            ],
            [
              "<ROOT>/node_modules/<PNPM_INNER>/@babel/preset-typescript/lib/index.js",
              {
                "allExtensions": true,
                "allowDeclareFields": true,
                "allowNamespaces": true,
                "isTSX": true,
                "optimizeConstEnums": true,
              },
            ],
          ],
        },
      },
    ],
  },
]
`;

exports[`webpackConfig > should not set default pluginImport for Babel 1`] = `
[
  {
    "include": [
      {
        "and": [
          "<ROOT>",
          {
            "not": /\\[\\\\\\\\/\\]node_modules\\[\\\\\\\\/\\]/,
          },
        ],
      },
    ],
    "test": /\\\\\\.\\(js\\|mjs\\|cjs\\|jsx\\)\\$\\|\\\\\\.\\(ts\\|mts\\|cts\\|tsx\\)\\$/,
    "use": [
      {
        "loader": "<ROOT>/packages/shared/compiled/babel-loader",
        "options": {
          "babelrc": false,
          "compact": false,
          "configFile": false,
          "plugins": [
            [
              "<ROOT>/node_modules/<PNPM_INNER>/@babel/plugin-proposal-decorators/lib/index.js",
              {
                "version": "legacy",
              },
            ],
            "<ROOT>/node_modules/<PNPM_INNER>/@babel/plugin-proposal-export-default-from/lib/index.js",
            "<ROOT>/node_modules/<PNPM_INNER>/@babel/plugin-proposal-partial-application/lib/index.js",
            [
              "<ROOT>/node_modules/<PNPM_INNER>/@babel/plugin-proposal-pipeline-operator/lib/index.js",
              {
                "proposal": "minimal",
              },
            ],
            [
              "<ROOT>/node_modules/<PNPM_INNER>/@babel/plugin-transform-runtime/lib/index.js",
              {
                "useESModules": true,
                "version": "7.23.2",
              },
            ],
            "<ROOT>/packages/babel-preset/dist/pluginLockCorejsVersion",
            [
              "<ROOT>/packages/webpack/compiled/babel-plugin-lodash",
              {},
            ],
            [
              "<ROOT>/node_modules/<PNPM_INNER>/babel-plugin-styled-components/lib/index.js",
              {
                "displayName": true,
                "pure": false,
                "ssr": false,
                "transpileTemplateLiterals": true,
              },
            ],
          ],
          "presets": [
            [
              "<ROOT>/node_modules/<PNPM_INNER>/@babel/preset-env/lib/index.js",
              {
                "bugfixes": true,
                "corejs": {
                  "proposals": true,
                  "version": "3.32",
                },
                "exclude": [
                  "transform-typeof-symbol",
                ],
                "modules": "commonjs",
                "targets": [
                  "chrome >= 87",
                  "edge >= 88",
                  "firefox >= 78",
                  "safari >= 14",
                ],
                "useBuiltIns": "entry",
              },
            ],
            [
              "<ROOT>/node_modules/<PNPM_INNER>/@babel/preset-typescript/lib/index.js",
              {
                "allExtensions": true,
                "allowDeclareFields": true,
                "allowNamespaces": true,
                "isTSX": true,
                "optimizeConstEnums": true,
              },
            ],
          ],
        },
      },
    ],
  },
  {
    "mimetype": {
      "or": [
        "text/javascript",
        "application/javascript",
      ],
    },
    "use": [
      {
        "loader": "<ROOT>/packages/shared/compiled/babel-loader",
        "options": {
          "babelrc": false,
          "compact": false,
          "configFile": false,
          "plugins": [
            [
              "<ROOT>/node_modules/<PNPM_INNER>/@babel/plugin-proposal-decorators/lib/index.js",
              {
                "version": "legacy",
              },
            ],
            "<ROOT>/node_modules/<PNPM_INNER>/@babel/plugin-proposal-export-default-from/lib/index.js",
            "<ROOT>/node_modules/<PNPM_INNER>/@babel/plugin-proposal-partial-application/lib/index.js",
            [
              "<ROOT>/node_modules/<PNPM_INNER>/@babel/plugin-proposal-pipeline-operator/lib/index.js",
              {
                "proposal": "minimal",
              },
            ],
            [
              "<ROOT>/node_modules/<PNPM_INNER>/@babel/plugin-transform-runtime/lib/index.js",
              {
                "useESModules": true,
                "version": "7.23.2",
              },
            ],
            "<ROOT>/packages/babel-preset/dist/pluginLockCorejsVersion",
            [
              "<ROOT>/packages/webpack/compiled/babel-plugin-lodash",
              {},
            ],
          ],
          "presets": [
            [
              "<ROOT>/node_modules/<PNPM_INNER>/@babel/preset-env/lib/index.js",
              {
                "bugfixes": true,
                "corejs": {
                  "proposals": true,
                  "version": "3.32",
                },
                "exclude": [
                  "transform-typeof-symbol",
                ],
                "modules": "commonjs",
                "targets": [
                  "chrome >= 87",
                  "edge >= 88",
                  "firefox >= 78",
                  "safari >= 14",
                ],
                "useBuiltIns": "entry",
              },
            ],
            [
              "<ROOT>/node_modules/<PNPM_INNER>/@babel/preset-typescript/lib/index.js",
              {
                "allExtensions": true,
                "allowDeclareFields": true,
                "allowNamespaces": true,
                "isTSX": true,
                "optimizeConstEnums": true,
              },
            ],
          ],
        },
      },
    ],
  },
]
`;

exports[`webpackConfig > should provide mergeConfig util in tools.webpack function 1`] = `
{
  "context": "<ROOT>",
  "devtool": "eval",
  "infrastructureLogging": {
    "level": "error",
  },
  "mode": "development",
  "module": {
    "parser": {
      "javascript": {
        "exportsPresence": "error",
      },
    },
  },
  "name": "Client",
  "performance": {
    "maxAssetSize": 3000000,
    "maxEntrypointSize": 3000000,
  },
}
`;

exports[`webpackConfig > should set proper pluginImport option in Babel 1`] = `
[
  {
    "include": [
      {
        "and": [
          "<ROOT>",
          {
            "not": /\\[\\\\\\\\/\\]node_modules\\[\\\\\\\\/\\]/,
          },
        ],
      },
    ],
    "test": /\\\\\\.\\(js\\|mjs\\|cjs\\|jsx\\)\\$\\|\\\\\\.\\(ts\\|mts\\|cts\\|tsx\\)\\$/,
    "use": [
      {
        "loader": "<ROOT>/packages/shared/compiled/babel-loader",
        "options": {
          "babelrc": false,
          "compact": false,
          "configFile": false,
          "plugins": [
            [
              "<ROOT>/node_modules/<PNPM_INNER>/@babel/plugin-proposal-decorators/lib/index.js",
              {
                "version": "legacy",
              },
            ],
            "<ROOT>/node_modules/<PNPM_INNER>/@babel/plugin-proposal-export-default-from/lib/index.js",
            "<ROOT>/node_modules/<PNPM_INNER>/@babel/plugin-proposal-partial-application/lib/index.js",
            [
              "<ROOT>/node_modules/<PNPM_INNER>/@babel/plugin-proposal-pipeline-operator/lib/index.js",
              {
                "proposal": "minimal",
              },
            ],
            [
              "<ROOT>/node_modules/<PNPM_INNER>/@babel/plugin-transform-runtime/lib/index.js",
              {
                "useESModules": true,
                "version": "7.23.2",
              },
            ],
            "<ROOT>/packages/babel-preset/dist/pluginLockCorejsVersion",
            [
              "<ROOT>/node_modules/<PNPM_INNER>/babel-plugin-import/lib/index.js",
              {
                "camel2DashComponentName": true,
                "libraryName": "foo",
              },
              "foo",
            ],
            [
              "<ROOT>/packages/webpack/compiled/babel-plugin-lodash",
              {},
            ],
            [
              "<ROOT>/node_modules/<PNPM_INNER>/babel-plugin-styled-components/lib/index.js",
              {
                "displayName": true,
                "pure": false,
                "ssr": false,
                "transpileTemplateLiterals": true,
              },
            ],
          ],
          "presets": [
            [
              "<ROOT>/node_modules/<PNPM_INNER>/@babel/preset-env/lib/index.js",
              {
                "bugfixes": true,
                "corejs": {
                  "proposals": true,
                  "version": "3.32",
                },
                "exclude": [
                  "transform-typeof-symbol",
                ],
                "modules": "commonjs",
                "targets": [
                  "chrome >= 87",
                  "edge >= 88",
                  "firefox >= 78",
                  "safari >= 14",
                ],
                "useBuiltIns": "entry",
              },
            ],
            [
              "<ROOT>/node_modules/<PNPM_INNER>/@babel/preset-typescript/lib/index.js",
              {
                "allExtensions": true,
                "allowDeclareFields": true,
                "allowNamespaces": true,
                "isTSX": true,
                "optimizeConstEnums": true,
              },
            ],
          ],
        },
      },
    ],
  },
  {
    "mimetype": {
      "or": [
        "text/javascript",
        "application/javascript",
      ],
    },
    "use": [
      {
        "loader": "<ROOT>/packages/shared/compiled/babel-loader",
        "options": {
          "babelrc": false,
          "compact": false,
          "configFile": false,
          "plugins": [
            [
              "<ROOT>/node_modules/<PNPM_INNER>/@babel/plugin-proposal-decorators/lib/index.js",
              {
                "version": "legacy",
              },
            ],
            "<ROOT>/node_modules/<PNPM_INNER>/@babel/plugin-proposal-export-default-from/lib/index.js",
            "<ROOT>/node_modules/<PNPM_INNER>/@babel/plugin-proposal-partial-application/lib/index.js",
            [
              "<ROOT>/node_modules/<PNPM_INNER>/@babel/plugin-proposal-pipeline-operator/lib/index.js",
              {
                "proposal": "minimal",
              },
            ],
            [
              "<ROOT>/node_modules/<PNPM_INNER>/@babel/plugin-transform-runtime/lib/index.js",
              {
                "useESModules": true,
                "version": "7.23.2",
              },
            ],
            "<ROOT>/packages/babel-preset/dist/pluginLockCorejsVersion",
            [
              "<ROOT>/node_modules/<PNPM_INNER>/babel-plugin-import/lib/index.js",
              {
                "camel2DashComponentName": true,
                "libraryName": "foo",
              },
              "foo",
            ],
            [
              "<ROOT>/packages/webpack/compiled/babel-plugin-lodash",
              {},
            ],
          ],
          "presets": [
            [
              "<ROOT>/node_modules/<PNPM_INNER>/@babel/preset-env/lib/index.js",
              {
                "bugfixes": true,
                "corejs": {
                  "proposals": true,
                  "version": "3.32",
                },
                "exclude": [
                  "transform-typeof-symbol",
                ],
                "modules": "commonjs",
                "targets": [
                  "chrome >= 87",
                  "edge >= 88",
                  "firefox >= 78",
                  "safari >= 14",
                ],
                "useBuiltIns": "entry",
              },
            ],
            [
              "<ROOT>/node_modules/<PNPM_INNER>/@babel/preset-typescript/lib/index.js",
              {
                "allExtensions": true,
                "allowDeclareFields": true,
                "allowNamespaces": true,
                "isTSX": true,
                "optimizeConstEnums": true,
              },
            ],
          ],
        },
      },
    ],
  },
]
`;
