// Vitest Snapshot v1, https://vitest.dev/guide/snapshot.html

exports[`plugins/react > should work with babel-loader 1`] = `
{
  "module": {
    "rules": [
      {
        "include": [
          {
            "and": [
              "<ROOT>",
              {
                "not": /\\[\\\\\\\\/\\]node_modules\\[\\\\\\\\/\\]/,
              },
            ],
          },
          /\\\\\\.\\(ts\\|tsx\\|jsx\\|mts\\|cts\\)\\$/,
        ],
        "test": /\\\\\\.\\(js\\|jsx\\|mjs\\|cjs\\|ts\\|tsx\\|mts\\|cts\\)\\$/,
        "use": [
          {
            "loader": "<ROOT>/node_modules/<PNPM_INNER>/babel-loader/lib/index.js",
            "options": {
              "babelrc": false,
              "compact": false,
              "configFile": false,
              "plugins": [
                [
                  "<ROOT>/node_modules/<PNPM_INNER>/@babel/plugin-proposal-decorators/lib/index.js",
                  {
                    "version": "legacy",
                  },
                ],
                "<ROOT>/node_modules/<PNPM_INNER>/@babel/plugin-proposal-export-default-from/lib/index.js",
                "<ROOT>/node_modules/<PNPM_INNER>/@babel/plugin-proposal-partial-application/lib/index.js",
                [
                  "<ROOT>/node_modules/<PNPM_INNER>/@babel/plugin-proposal-pipeline-operator/lib/index.js",
                  {
                    "proposal": "minimal",
                  },
                ],
                [
                  "<ROOT>/node_modules/<PNPM_INNER>/@babel/plugin-transform-runtime/lib/index.js",
                  {
                    "useESModules": true,
                    "version": "7.23.2",
                  },
                ],
                "<ROOT>/packages/babel-preset/dist/pluginLockCorejsVersion",
                [
                  "<ROOT>/packages/compat/uni-builder/compiled/babel-plugin-lodash/index.js",
                  {},
                ],
                [
                  "<ROOT>/node_modules/<PNPM_INNER>/react-refresh/babel.js",
                  {
                    "skipEnvCheck": true,
                  },
                ],
              ],
              "presets": [
                [
                  "<ROOT>/node_modules/<PNPM_INNER>/@babel/preset-env/lib/index.js",
                  {
                    "bugfixes": true,
                    "corejs": {
                      "proposals": true,
                      "version": "3.32",
                    },
                    "exclude": [
                      "transform-typeof-symbol",
                    ],
                    "modules": "commonjs",
                    "targets": [
                      "chrome >= 87",
                      "edge >= 88",
                      "firefox >= 78",
                      "safari >= 14",
                    ],
                    "useBuiltIns": "usage",
                  },
                ],
                [
                  "<ROOT>/node_modules/<PNPM_INNER>/@babel/preset-typescript/lib/index.js",
                  {
                    "allExtensions": true,
                    "allowDeclareFields": true,
                    "allowNamespaces": true,
                    "isTSX": true,
                    "optimizeConstEnums": true,
                  },
                ],
                [
                  "<ROOT>/node_modules/<PNPM_INNER>/@babel/preset-react/lib/index.js",
                  {
                    "development": true,
                    "runtime": "classic",
                    "useBuiltIns": true,
                    "useSpread": false,
                  },
                ],
              ],
            },
          },
        ],
      },
      {
        "mimetype": {
          "or": [
            "text/javascript",
            "application/javascript",
          ],
        },
        "use": [
          {
            "loader": "<ROOT>/node_modules/<PNPM_INNER>/babel-loader/lib/index.js",
            "options": {
              "babelrc": false,
              "compact": false,
              "configFile": false,
              "plugins": [
                [
                  "<ROOT>/node_modules/<PNPM_INNER>/@babel/plugin-proposal-decorators/lib/index.js",
                  {
                    "version": "legacy",
                  },
                ],
                "<ROOT>/node_modules/<PNPM_INNER>/@babel/plugin-proposal-export-default-from/lib/index.js",
                "<ROOT>/node_modules/<PNPM_INNER>/@babel/plugin-proposal-partial-application/lib/index.js",
                [
                  "<ROOT>/node_modules/<PNPM_INNER>/@babel/plugin-proposal-pipeline-operator/lib/index.js",
                  {
                    "proposal": "minimal",
                  },
                ],
                [
                  "<ROOT>/node_modules/<PNPM_INNER>/@babel/plugin-transform-runtime/lib/index.js",
                  {
                    "useESModules": true,
                    "version": "7.23.2",
                  },
                ],
                "<ROOT>/packages/babel-preset/dist/pluginLockCorejsVersion",
                [
                  "<ROOT>/packages/compat/uni-builder/compiled/babel-plugin-lodash/index.js",
                  {},
                ],
              ],
              "presets": [
                [
                  "<ROOT>/node_modules/<PNPM_INNER>/@babel/preset-env/lib/index.js",
                  {
                    "bugfixes": true,
                    "corejs": {
                      "proposals": true,
                      "version": "3.32",
                    },
                    "exclude": [
                      "transform-typeof-symbol",
                    ],
                    "modules": "commonjs",
                    "targets": [
                      "chrome >= 87",
                      "edge >= 88",
                      "firefox >= 78",
                      "safari >= 14",
                    ],
                    "useBuiltIns": "usage",
                  },
                ],
                [
                  "<ROOT>/node_modules/<PNPM_INNER>/@babel/preset-typescript/lib/index.js",
                  {
                    "allExtensions": true,
                    "allowDeclareFields": true,
                    "allowNamespaces": true,
                    "isTSX": true,
                    "optimizeConstEnums": true,
                  },
                ],
                [
                  "<ROOT>/node_modules/<PNPM_INNER>/@babel/preset-react/lib/index.js",
                  {
                    "development": true,
                    "runtime": "classic",
                    "useBuiltIns": true,
                    "useSpread": false,
                  },
                ],
              ],
            },
          },
        ],
      },
    ],
  },
  "plugins": [
    ReactRefreshPlugin {
      "options": {
        "exclude": [
          /node_modules/,
        ],
        "include": /\\\\\\.\\(\\[cm\\]js\\|\\[jt\\]sx\\?\\|flow\\)\\$/i,
        "overlay": false,
      },
    },
  ],
}
`;
