// Vitest Snapshot v1, https://vitest.dev/guide/snapshot.html

exports[`test src/crypto.ts > encode & decode > encode() 1`] = `
""00123sdfdkfkskfk" -> "48!48!49!50!51!115!100!102!100!107!102!107!115!107!102!107"
"~!ï½œ.[]{}&â€¦â€¦%ï¼ˆï¼‰()\`Â·sdkf121" -> "126!33!65372!46!91!93!123!125!38!8230!8230!37!65288!65289!40!41!96!183!115!100!107!102!49!50!49"
"~sdï½žd8å“ˆå“ˆå“ˆðŸ˜Š" -> "126!115!100!65374!100!56!21704!21704!21704!55357!56842"
"ðŸ”šðŸ”œðŸŒ¹ðŸ‘Œ" -> "55357!56602!55357!56604!55356!57145!55357!56396""
`;
