// Vitest Snapshot v1, https://vitest.dev/guide/snapshot.html

exports[`plugin-pug > should add pug rules correctly when tools.pug is used 1`] = `
{
  "module": {
    "rules": [
      {
        "test": /\\\\\\.pug\\$/,
        "use": [
          {
            "loader": "<ROOT>/packages/compat/webpack/src/webpackLoaders/pugLoader",
            "options": {
              "pretty": true,
            },
          },
        ],
      },
    ],
  },
}
`;
