// Vitest Snapshot v1, https://vitest.dev/guide/snapshot.html

exports[`plugin-resolve > should disable resolve.fullySpecified by default 1`] = `
{
  "module": {
    "rules": [
      {
        "resolve": {
          "fullySpecified": false,
        },
        "test": /\\\\\\.m\\?js/,
      },
      {
        "resolve": {
          "fullySpecified": false,
        },
      },
    ],
  },
  "resolve": {
    "extensions": [
      ".js",
      ".jsx",
      ".mjs",
      ".json",
    ],
  },
}
`;
