// Vitest Snapshot v1, https://vitest.dev/guide/snapshot.html

exports[`should use rspack as default bundler > apply rspack correctly 1`] = `
{
  "builtins": {
    "css": {
      "modules": {
        "exportsOnly": false,
        "localIdentName": "[path][name]__[local]-[hash:6]",
        "localsConvention": "camelCase",
      },
    },
  },
  "context": "<ROOT>",
  "devServer": {
    "hot": true,
  },
  "devtool": "cheap-module-source-map",
  "experiments": {
    "asyncWebAssembly": true,
    "rspackFuture": {
      "disableTransformByDefault": true,
      "newResolver": true,
    },
  },
  "infrastructureLogging": {
    "level": "error",
  },
  "mode": "development",
  "module": {
    "rules": [
      {
        "resolve": {
          "fullySpecified": false,
        },
        "test": /\\\\\\.m\\?js/,
      },
      {
        "oneOf": [
          {
            "generator": {
              "filename": "static/image/[name].[contenthash:8][ext]",
            },
            "resourceQuery": /\\(__inline=false\\|url\\)/,
            "type": "asset/resource",
          },
          {
            "resourceQuery": /inline/,
            "type": "asset/inline",
          },
          {
            "generator": {
              "filename": "static/image/[name].[contenthash:8][ext]",
            },
            "parser": {
              "dataUrlCondition": {
                "maxSize": 10000,
              },
            },
            "type": "asset",
          },
        ],
        "test": /\\\\\\.\\(png\\|jpg\\|jpeg\\|gif\\|bmp\\|webp\\|ico\\|apng\\|avif\\|tiff\\)\\$/i,
      },
      {
        "oneOf": [
          {
            "generator": {
              "filename": "static/svg/[name].[contenthash:8].svg",
            },
            "resourceQuery": /\\(__inline=false\\|url\\)/,
            "type": "asset/resource",
          },
          {
            "resourceQuery": /inline/,
            "type": "asset/inline",
          },
          {
            "generator": {
              "filename": "static/svg/[name].[contenthash:8].svg",
            },
            "parser": {
              "dataUrlCondition": {
                "maxSize": 10000,
              },
            },
            "type": "asset",
          },
        ],
        "test": /\\\\\\.svg\\$/i,
      },
      {
        "oneOf": [
          {
            "generator": {
              "filename": "static/media/[name].[contenthash:8][ext]",
            },
            "resourceQuery": /\\(__inline=false\\|url\\)/,
            "type": "asset/resource",
          },
          {
            "resourceQuery": /inline/,
            "type": "asset/inline",
          },
          {
            "generator": {
              "filename": "static/media/[name].[contenthash:8][ext]",
            },
            "parser": {
              "dataUrlCondition": {
                "maxSize": 10000,
              },
            },
            "type": "asset",
          },
        ],
        "test": /\\\\\\.\\(mp4\\|webm\\|ogg\\|mp3\\|wav\\|flac\\|aac\\|mov\\)\\$/i,
      },
      {
        "oneOf": [
          {
            "generator": {
              "filename": "static/font/[name].[contenthash:8][ext]",
            },
            "resourceQuery": /\\(__inline=false\\|url\\)/,
            "type": "asset/resource",
          },
          {
            "resourceQuery": /inline/,
            "type": "asset/inline",
          },
          {
            "generator": {
              "filename": "static/font/[name].[contenthash:8][ext]",
            },
            "parser": {
              "dataUrlCondition": {
                "maxSize": 10000,
              },
            },
            "type": "asset",
          },
        ],
        "test": /\\\\\\.\\(woff\\|woff2\\|eot\\|ttf\\|otf\\|ttc\\)\\$/i,
      },
      {
        "dependency": "url",
        "generator": {
          "filename": "static/wasm/[hash].module.wasm",
        },
        "test": /\\\\\\.wasm\\$/,
        "type": "asset/resource",
      },
      {
        "oneOf": [
          {
            "resolve": {
              "preferRelative": true,
            },
            "sideEffects": true,
            "test": /\\\\\\.module\\\\\\.\\\\w\\+\\$/i,
            "type": "css/module",
            "use": [
              {
                "loader": "<ROOT>/packages/shared/compiled/postcss-loader",
                "options": {
                  "postcssOptions": {
                    "plugins": [
                      [Function],
                      {
                        "browsers": [
                          "chrome >= 87",
                          "edge >= 88",
                          "firefox >= 78",
                          "safari >= 14",
                        ],
                        "info": [Function],
                        "options": {
                          "flexbox": "no-2009",
                          "overrideBrowserslist": [
                            "chrome >= 87",
                            "edge >= 88",
                            "firefox >= 78",
                            "safari >= 14",
                          ],
                        },
                        "postcssPlugin": "autoprefixer",
                        "prepare": [Function],
                      },
                    ],
                  },
                  "sourceMap": true,
                },
              },
            ],
          },
          {
            "resolve": {
              "preferRelative": true,
            },
            "sideEffects": true,
            "type": "css",
            "use": [
              {
                "loader": "<ROOT>/packages/shared/compiled/postcss-loader",
                "options": {
                  "postcssOptions": {
                    "plugins": [
                      [Function],
                      {
                        "browsers": [
                          "chrome >= 87",
                          "edge >= 88",
                          "firefox >= 78",
                          "safari >= 14",
                        ],
                        "info": [Function],
                        "options": {
                          "flexbox": "no-2009",
                          "overrideBrowserslist": [
                            "chrome >= 87",
                            "edge >= 88",
                            "firefox >= 78",
                            "safari >= 14",
                          ],
                        },
                        "postcssPlugin": "autoprefixer",
                        "prepare": [Function],
                      },
                    ],
                  },
                  "sourceMap": true,
                },
              },
            ],
          },
        ],
        "test": /\\\\\\.css\\$/,
      },
      {
        "oneOf": [
          {
            "resolve": {
              "preferRelative": true,
            },
            "sideEffects": true,
            "test": /\\\\\\.module\\\\\\.\\\\w\\+\\$/i,
            "type": "css/module",
            "use": [
              {
                "loader": "<ROOT>/packages/shared/compiled/postcss-loader",
                "options": {
                  "postcssOptions": {
                    "plugins": [
                      [Function],
                      {
                        "browsers": [
                          "chrome >= 87",
                          "edge >= 88",
                          "firefox >= 78",
                          "safari >= 14",
                        ],
                        "info": [Function],
                        "options": {
                          "flexbox": "no-2009",
                          "overrideBrowserslist": [
                            "chrome >= 87",
                            "edge >= 88",
                            "firefox >= 78",
                            "safari >= 14",
                          ],
                        },
                        "postcssPlugin": "autoprefixer",
                        "prepare": [Function],
                      },
                    ],
                  },
                  "sourceMap": true,
                },
              },
              {
                "loader": "<ROOT>/packages/shared/compiled/less-loader",
                "options": {
                  "implementation": "<ROOT>/packages/shared/compiled/less",
                  "lessOptions": {
                    "javascriptEnabled": true,
                  },
                  "sourceMap": true,
                },
              },
            ],
          },
          {
            "resolve": {
              "preferRelative": true,
            },
            "sideEffects": true,
            "type": "css",
            "use": [
              {
                "loader": "<ROOT>/packages/shared/compiled/postcss-loader",
                "options": {
                  "postcssOptions": {
                    "plugins": [
                      [Function],
                      {
                        "browsers": [
                          "chrome >= 87",
                          "edge >= 88",
                          "firefox >= 78",
                          "safari >= 14",
                        ],
                        "info": [Function],
                        "options": {
                          "flexbox": "no-2009",
                          "overrideBrowserslist": [
                            "chrome >= 87",
                            "edge >= 88",
                            "firefox >= 78",
                            "safari >= 14",
                          ],
                        },
                        "postcssPlugin": "autoprefixer",
                        "prepare": [Function],
                      },
                    ],
                  },
                  "sourceMap": true,
                },
              },
              {
                "loader": "<ROOT>/packages/shared/compiled/less-loader",
                "options": {
                  "implementation": "<ROOT>/packages/shared/compiled/less",
                  "lessOptions": {
                    "javascriptEnabled": true,
                  },
                  "sourceMap": true,
                },
              },
            ],
          },
        ],
        "test": /\\\\\\.less\\$/,
      },
      {
        "oneOf": [
          {
            "resolve": {
              "preferRelative": true,
            },
            "sideEffects": true,
            "test": /\\\\\\.module\\\\\\.\\\\w\\+\\$/i,
            "type": "css/module",
            "use": [
              {
                "loader": "<ROOT>/packages/shared/compiled/postcss-loader",
                "options": {
                  "postcssOptions": {
                    "plugins": [
                      [Function],
                      {
                        "browsers": [
                          "chrome >= 87",
                          "edge >= 88",
                          "firefox >= 78",
                          "safari >= 14",
                        ],
                        "info": [Function],
                        "options": {
                          "flexbox": "no-2009",
                          "overrideBrowserslist": [
                            "chrome >= 87",
                            "edge >= 88",
                            "firefox >= 78",
                            "safari >= 14",
                          ],
                        },
                        "postcssPlugin": "autoprefixer",
                        "prepare": [Function],
                      },
                    ],
                  },
                  "sourceMap": true,
                },
              },
              {
                "loader": "<ROOT>/packages/shared/compiled/resolve-url-loader",
                "options": {
                  "join": [Function],
                  "sourceMap": false,
                },
              },
              {
                "loader": "<ROOT>/packages/shared/compiled/sass-loader",
                "options": {
                  "implementation": "<ROOT>/packages/shared/compiled/sass",
                  "sourceMap": true,
                },
              },
            ],
          },
          {
            "resolve": {
              "preferRelative": true,
            },
            "sideEffects": true,
            "type": "css",
            "use": [
              {
                "loader": "<ROOT>/packages/shared/compiled/postcss-loader",
                "options": {
                  "postcssOptions": {
                    "plugins": [
                      [Function],
                      {
                        "browsers": [
                          "chrome >= 87",
                          "edge >= 88",
                          "firefox >= 78",
                          "safari >= 14",
                        ],
                        "info": [Function],
                        "options": {
                          "flexbox": "no-2009",
                          "overrideBrowserslist": [
                            "chrome >= 87",
                            "edge >= 88",
                            "firefox >= 78",
                            "safari >= 14",
                          ],
                        },
                        "postcssPlugin": "autoprefixer",
                        "prepare": [Function],
                      },
                    ],
                  },
                  "sourceMap": true,
                },
              },
              {
                "loader": "<ROOT>/packages/shared/compiled/resolve-url-loader",
                "options": {
                  "join": [Function],
                  "sourceMap": false,
                },
              },
              {
                "loader": "<ROOT>/packages/shared/compiled/sass-loader",
                "options": {
                  "implementation": "<ROOT>/packages/shared/compiled/sass",
                  "sourceMap": true,
                },
              },
            ],
          },
        ],
        "test": /\\\\\\.s\\(a\\|c\\)ss\\$/,
      },
      {
        "exclude": [
          "<ROOT>/node_modules/<PNPM_INNER>/core-js",
        ],
        "include": [
          {
            "and": [
              "<ROOT>",
              {
                "not": /\\[\\\\\\\\/\\]node_modules\\[\\\\\\\\/\\]/,
              },
            ],
          },
        ],
        "test": /\\\\\\.\\(js\\|mjs\\|cjs\\|jsx\\)\\$\\|\\\\\\.\\(ts\\|mts\\|cts\\|tsx\\)\\$/,
        "type": "javascript/auto",
        "use": [
          {
            "loader": "builtin:swc-loader",
            "options": {
              "env": {
                "coreJs": "3.32",
                "mode": "usage",
                "shippedProposals": true,
                "targets": [
                  "chrome >= 87",
                  "edge >= 88",
                  "firefox >= 78",
                  "safari >= 14",
                ],
              },
              "exclude": [],
              "inlineSourcesContent": true,
              "isModule": "unknown",
              "jsc": {
                "externalHelpers": true,
                "parser": {
                  "decorators": true,
                  "syntax": "typescript",
                  "tsx": true,
                },
                "preserveAllComments": true,
                "transform": {
                  "decoratorMetadata": true,
                  "legacyDecorator": true,
                },
              },
              "minify": false,
              "sourceMaps": true,
            },
          },
        ],
      },
      {
        "mimetype": {
          "or": [
            "text/javascript",
            "application/javascript",
          ],
        },
        "use": [
          {
            "loader": "builtin:swc-loader",
            "options": {
              "env": {
                "coreJs": "3.32",
                "mode": "usage",
                "shippedProposals": true,
                "targets": [
                  "chrome >= 87",
                  "edge >= 88",
                  "firefox >= 78",
                  "safari >= 14",
                ],
              },
              "exclude": [],
              "inlineSourcesContent": true,
              "isModule": "unknown",
              "jsc": {
                "externalHelpers": true,
                "parser": {
                  "decorators": true,
                  "syntax": "typescript",
                  "tsx": true,
                },
                "preserveAllComments": true,
                "transform": {
                  "decoratorMetadata": true,
                  "legacyDecorator": true,
                },
              },
              "minify": false,
              "sourceMaps": true,
            },
          },
        ],
      },
      {
        "test": /\\\\\\.toml\\$/,
        "type": "javascript/auto",
        "use": [
          {
            "loader": "<ROOT>/packages/shared/compiled/toml-loader",
          },
        ],
      },
      {
        "test": /\\\\\\.ya\\?ml\\$/,
        "type": "javascript/auto",
        "use": [
          {
            "loader": "<ROOT>/packages/shared/compiled/yaml-loader",
          },
        ],
      },
    ],
  },
  "name": "Client",
  "optimization": {
    "minimize": false,
    "splitChunks": {
      "cacheGroups": {
        "lib-axios": {
          "name": "lib-axios",
          "priority": 0,
          "reuseExistingChunk": true,
          "test": /\\[\\\\\\\\/\\]node_modules\\[\\\\\\\\/\\]\\(axios\\|axios-\\.\\+\\)\\[\\\\\\\\/\\]/,
        },
        "lib-lodash": {
          "name": "lib-lodash",
          "priority": 0,
          "reuseExistingChunk": true,
          "test": /\\[\\\\\\\\/\\]node_modules\\[\\\\\\\\/\\]\\(lodash\\|lodash-es\\)\\[\\\\\\\\/\\]/,
        },
        "lib-polyfill": {
          "name": "lib-polyfill",
          "priority": 0,
          "reuseExistingChunk": true,
          "test": /\\[\\\\\\\\/\\]node_modules\\[\\\\\\\\/\\]\\(tslib\\|core-js\\|@babel\\\\/runtime\\|@swc\\\\/helpers\\)\\[\\\\\\\\/\\]/,
        },
      },
      "chunks": "all",
      "enforceSizeThreshold": 50000,
    },
  },
  "output": {
    "chunkFilename": "static/js/async/[name].js",
    "cssChunkFilename": "static/css/async/[name].css",
    "cssFilename": "static/css/[name].css",
    "filename": "static/js/[name].js",
    "hashFunction": "xxhash64",
    "path": "<ROOT>/dist",
    "pathinfo": false,
    "publicPath": "/",
    "webassemblyModuleFilename": "static/wasm/[hash].module.wasm",
  },
  "plugins": [
    HtmlBasicPlugin {
      "HtmlPlugin": [Function],
      "name": "HtmlBasicPlugin",
      "options": {
        "HtmlPlugin": [Function],
        "info": {},
      },
    },
    Plugin {
      "_options": {
        "process.env.ASSET_PREFIX": """",
        "process.env.NODE_ENV": ""development"",
      },
      "name": "DefinePlugin",
    },
  ],
  "resolve": {
    "alias": {
      "core-js": "<ROOT>/node_modules/<PNPM_INNER>/core-js",
    },
    "extensions": [
      ".js",
      ".jsx",
      ".mjs",
      ".json",
    ],
  },
  "target": [
    "web",
    "es5",
  ],
}
`;
