// Vitest Snapshot v1, https://vitest.dev/guide/snapshot.html

exports[`plugin-html > should allow to configure html.tags 1`] = `
{
  "entry": {
    "foo": [
      "src/foo.ts",
    ],
    "main": [
      "src/main.ts",
    ],
  },
  "plugins": [
    HtmlWebpackPlugin {
      "options": {
        "base": false,
        "cache": true,
        "chunks": [
          "main",
        ],
        "chunksSortMode": "auto",
        "compile": true,
        "entryName": "main",
        "excludeChunks": [],
        "favicon": false,
        "filename": "main.html",
        "hash": false,
        "inject": "head",
        "meta": {
          "charset": {
            "charset": "UTF-8",
          },
          "viewport": "width=device-width, initial-scale=1.0",
        },
        "minify": false,
        "publicPath": "auto",
        "scriptLoading": "defer",
        "showErrors": true,
        "template": "<ROOT>/packages/core/static/template.html",
        "templateContent": false,
        "templateParameters": [Function],
        "title": "Rsbuild App",
        "xhtml": false,
      },
      "userOptions": {
        "chunks": [
          "main",
        ],
        "entryName": "main",
        "filename": "main.html",
        "inject": "head",
        "meta": {
          "charset": {
            "charset": "UTF-8",
          },
          "viewport": "width=device-width, initial-scale=1.0",
        },
        "minify": false,
        "scriptLoading": "defer",
        "template": "<ROOT>/packages/core/static/template.html",
        "templateParameters": [Function],
        "title": "Rsbuild App",
      },
      "version": 5,
    },
    HtmlWebpackPlugin {
      "options": {
        "base": false,
        "cache": true,
        "chunks": [
          "foo",
        ],
        "chunksSortMode": "auto",
        "compile": true,
        "entryName": "foo",
        "excludeChunks": [],
        "favicon": false,
        "filename": "foo.html",
        "hash": false,
        "inject": "head",
        "meta": {
          "charset": {
            "charset": "UTF-8",
          },
          "viewport": "width=device-width, initial-scale=1.0",
        },
        "minify": false,
        "publicPath": "auto",
        "scriptLoading": "defer",
        "showErrors": true,
        "template": "<ROOT>/packages/core/static/template.html",
        "templateContent": false,
        "templateParameters": [Function],
        "title": "Rsbuild App",
        "xhtml": false,
      },
      "userOptions": {
        "chunks": [
          "foo",
        ],
        "entryName": "foo",
        "filename": "foo.html",
        "inject": "head",
        "meta": {
          "charset": {
            "charset": "UTF-8",
          },
          "viewport": "width=device-width, initial-scale=1.0",
        },
        "minify": false,
        "scriptLoading": "defer",
        "template": "<ROOT>/packages/core/static/template.html",
        "templateParameters": [Function],
        "title": "Rsbuild App",
      },
      "version": 5,
    },
    HtmlBasicPlugin {
      "modifyTagsFn": undefined,
      "name": "HtmlBasicPlugin",
      "options": {
        "foo": {
          "tagConfig": {
            "append": true,
            "hash": false,
            "publicPath": true,
            "tags": [
              {
                "attrs": {
                  "src": "jq.js",
                },
                "tag": "script",
              },
            ],
          },
        },
        "main": {
          "tagConfig": {
            "append": true,
            "hash": false,
            "publicPath": true,
            "tags": [
              {
                "attrs": {
                  "src": "jq.js",
                },
                "tag": "script",
              },
            ],
          },
        },
      },
    },
  ],
}
`;

exports[`plugin-html > should allow to modify plugin options by tools.htmlPlugin 1`] = `
{
  "entry": {
    "index": [
      "src/index.js",
    ],
  },
  "plugins": [
    HtmlWebpackPlugin {
      "options": {
        "base": false,
        "cache": true,
        "chunks": "all",
        "chunksSortMode": "auto",
        "compile": true,
        "excludeChunks": [],
        "favicon": false,
        "filename": "index.html",
        "hash": false,
        "inject": true,
        "meta": {},
        "minify": "auto",
        "publicPath": "auto",
        "scriptLoading": "defer",
        "showErrors": true,
        "template": "auto",
        "templateContent": false,
        "templateParameters": [Function],
        "title": "Webpack App",
        "xhtml": false,
      },
      "userOptions": {
        "inject": true,
      },
      "version": 5,
    },
    HtmlBasicPlugin {
      "modifyTagsFn": undefined,
      "name": "HtmlBasicPlugin",
      "options": {
        "index": {},
      },
    },
  ],
}
`;

exports[`plugin-html > should allow to set favicon by html.favicon option 1`] = `
{
  "entry": {
    "index": [
      "src/index.js",
    ],
  },
  "plugins": [
    HtmlWebpackPlugin {
      "options": {
        "base": false,
        "cache": true,
        "chunks": [
          "index",
        ],
        "chunksSortMode": "auto",
        "compile": true,
        "entryName": "index",
        "excludeChunks": [],
        "favicon": "src/favicon.ico",
        "filename": "index.html",
        "hash": false,
        "inject": "head",
        "meta": {
          "charset": {
            "charset": "UTF-8",
          },
          "viewport": "width=device-width, initial-scale=1.0",
        },
        "minify": false,
        "publicPath": "auto",
        "scriptLoading": "defer",
        "showErrors": true,
        "template": "<ROOT>/packages/core/static/template.html",
        "templateContent": false,
        "templateParameters": [Function],
        "title": "Rsbuild App",
        "xhtml": false,
      },
      "userOptions": {
        "chunks": [
          "index",
        ],
        "entryName": "index",
        "favicon": "src/favicon.ico",
        "filename": "index.html",
        "inject": "head",
        "meta": {
          "charset": {
            "charset": "UTF-8",
          },
          "viewport": "width=device-width, initial-scale=1.0",
        },
        "minify": false,
        "scriptLoading": "defer",
        "template": "<ROOT>/packages/core/static/template.html",
        "templateParameters": [Function],
        "title": "Rsbuild App",
      },
      "version": 5,
    },
    HtmlBasicPlugin {
      "modifyTagsFn": undefined,
      "name": "HtmlBasicPlugin",
      "options": {
        "index": {},
      },
    },
  ],
}
`;

exports[`plugin-html > should allow to set inject by html.inject option 1`] = `
{
  "entry": {
    "index": [
      "src/index.js",
    ],
  },
  "plugins": [
    HtmlWebpackPlugin {
      "options": {
        "base": false,
        "cache": true,
        "chunks": [
          "index",
        ],
        "chunksSortMode": "auto",
        "compile": true,
        "entryName": "index",
        "excludeChunks": [],
        "favicon": false,
        "filename": "index.html",
        "hash": false,
        "inject": "body",
        "meta": {
          "charset": {
            "charset": "UTF-8",
          },
          "viewport": "width=device-width, initial-scale=1.0",
        },
        "minify": false,
        "publicPath": "auto",
        "scriptLoading": "defer",
        "showErrors": true,
        "template": "<ROOT>/packages/core/static/template.html",
        "templateContent": false,
        "templateParameters": [Function],
        "title": "Rsbuild App",
        "xhtml": false,
      },
      "userOptions": {
        "chunks": [
          "index",
        ],
        "entryName": "index",
        "filename": "index.html",
        "inject": "body",
        "meta": {
          "charset": {
            "charset": "UTF-8",
          },
          "viewport": "width=device-width, initial-scale=1.0",
        },
        "minify": false,
        "scriptLoading": "defer",
        "template": "<ROOT>/packages/core/static/template.html",
        "templateParameters": [Function],
        "title": "Rsbuild App",
      },
      "version": 5,
    },
    HtmlBasicPlugin {
      "modifyTagsFn": undefined,
      "name": "HtmlBasicPlugin",
      "options": {
        "index": {},
      },
    },
  ],
}
`;

exports[`plugin-html > should enable minify in production 1`] = `
{
  "entry": {
    "index": [
      "src/index.js",
    ],
  },
  "plugins": [
    HtmlWebpackPlugin {
      "options": {
        "base": false,
        "cache": true,
        "chunks": [
          "index",
        ],
        "chunksSortMode": "auto",
        "compile": true,
        "entryName": "index",
        "excludeChunks": [],
        "favicon": false,
        "filename": "index.html",
        "hash": false,
        "inject": "head",
        "meta": {
          "charset": {
            "charset": "UTF-8",
          },
          "viewport": "width=device-width, initial-scale=1.0",
        },
        "minify": {
          "collapseWhitespace": true,
          "keepClosingSlash": true,
          "minifyCSS": true,
          "minifyJS": {
            "format": {
              "ascii_only": true,
            },
            "mangle": {
              "safari10": true,
            },
          },
          "minifyURLs": true,
          "removeComments": false,
          "removeEmptyAttributes": true,
          "removeRedundantAttributes": true,
          "removeScriptTypeAttributes": true,
          "removeStyleLinkTypeAttributes": true,
          "useShortDoctype": true,
        },
        "publicPath": "auto",
        "scriptLoading": "defer",
        "showErrors": true,
        "template": "<ROOT>/packages/core/static/template.html",
        "templateContent": false,
        "templateParameters": [Function],
        "title": "Rsbuild App",
        "xhtml": false,
      },
      "userOptions": {
        "chunks": [
          "index",
        ],
        "entryName": "index",
        "filename": "index.html",
        "inject": "head",
        "meta": {
          "charset": {
            "charset": "UTF-8",
          },
          "viewport": "width=device-width, initial-scale=1.0",
        },
        "minify": {
          "collapseWhitespace": true,
          "keepClosingSlash": true,
          "minifyCSS": true,
          "minifyJS": {
            "format": {
              "ascii_only": true,
            },
            "mangle": {
              "safari10": true,
            },
          },
          "minifyURLs": true,
          "removeComments": false,
          "removeEmptyAttributes": true,
          "removeRedundantAttributes": true,
          "removeScriptTypeAttributes": true,
          "removeStyleLinkTypeAttributes": true,
          "useShortDoctype": true,
        },
        "scriptLoading": "defer",
        "template": "<ROOT>/packages/core/static/template.html",
        "templateParameters": [Function],
        "title": "Rsbuild App",
      },
      "version": 5,
    },
    HtmlBasicPlugin {
      "modifyTagsFn": undefined,
      "name": "HtmlBasicPlugin",
      "options": {
        "index": {},
      },
    },
  ],
}
`;

exports[`plugin-html > should register html plugin correctly 1`] = `
{
  "entry": {
    "index": [
      "src/index.js",
    ],
  },
  "plugins": [
    HtmlWebpackPlugin {
      "options": {
        "base": false,
        "cache": true,
        "chunks": [
          "index",
        ],
        "chunksSortMode": "auto",
        "compile": true,
        "entryName": "index",
        "excludeChunks": [],
        "favicon": false,
        "filename": "index.html",
        "hash": false,
        "inject": "head",
        "meta": {
          "charset": {
            "charset": "UTF-8",
          },
          "viewport": "width=device-width, initial-scale=1.0",
        },
        "minify": false,
        "publicPath": "auto",
        "scriptLoading": "defer",
        "showErrors": true,
        "template": "<ROOT>/packages/core/static/template.html",
        "templateContent": false,
        "templateParameters": [Function],
        "title": "Rsbuild App",
        "xhtml": false,
      },
      "userOptions": {
        "chunks": [
          "index",
        ],
        "entryName": "index",
        "filename": "index.html",
        "inject": "head",
        "meta": {
          "charset": {
            "charset": "UTF-8",
          },
          "viewport": "width=device-width, initial-scale=1.0",
        },
        "minify": false,
        "scriptLoading": "defer",
        "template": "<ROOT>/packages/core/static/template.html",
        "templateParameters": [Function],
        "title": "Rsbuild App",
      },
      "version": 5,
    },
    HtmlBasicPlugin {
      "modifyTagsFn": undefined,
      "name": "HtmlBasicPlugin",
      "options": {
        "index": {},
      },
    },
  ],
}
`;

exports[`plugin-html > should stop injecting <script> if inject is '() => false' 1`] = `
{
  "entry": {
    "index": [
      "src/index.js",
    ],
  },
  "plugins": [
    HtmlWebpackPlugin {
      "options": {
        "base": false,
        "cache": true,
        "chunks": [
          "index",
        ],
        "chunksSortMode": "auto",
        "compile": true,
        "entryName": "index",
        "excludeChunks": [],
        "favicon": false,
        "filename": "index.html",
        "hash": false,
        "inject": false,
        "meta": {
          "charset": {
            "charset": "UTF-8",
          },
          "viewport": "width=device-width, initial-scale=1.0",
        },
        "minify": false,
        "publicPath": "auto",
        "scriptLoading": "defer",
        "showErrors": true,
        "template": "<ROOT>/packages/core/static/template.html",
        "templateContent": false,
        "templateParameters": [Function],
        "title": "Rsbuild App",
        "xhtml": false,
      },
      "userOptions": {
        "chunks": [
          "index",
        ],
        "entryName": "index",
        "filename": "index.html",
        "inject": false,
        "meta": {
          "charset": {
            "charset": "UTF-8",
          },
          "viewport": "width=device-width, initial-scale=1.0",
        },
        "minify": false,
        "scriptLoading": "defer",
        "template": "<ROOT>/packages/core/static/template.html",
        "templateParameters": [Function],
        "title": "Rsbuild App",
      },
      "version": 5,
    },
    HtmlBasicPlugin {
      "modifyTagsFn": undefined,
      "name": "HtmlBasicPlugin",
      "options": {
        "index": {},
      },
    },
  ],
}
`;

exports[`plugin-html > should stop injecting <script> if inject is 'false' 1`] = `
{
  "entry": {
    "index": [
      "src/index.js",
    ],
  },
  "plugins": [
    HtmlWebpackPlugin {
      "options": {
        "base": false,
        "cache": true,
        "chunks": [
          "index",
        ],
        "chunksSortMode": "auto",
        "compile": true,
        "entryName": "index",
        "excludeChunks": [],
        "favicon": false,
        "filename": "index.html",
        "hash": false,
        "inject": false,
        "meta": {
          "charset": {
            "charset": "UTF-8",
          },
          "viewport": "width=device-width, initial-scale=1.0",
        },
        "minify": false,
        "publicPath": "auto",
        "scriptLoading": "defer",
        "showErrors": true,
        "template": "<ROOT>/packages/core/static/template.html",
        "templateContent": false,
        "templateParameters": [Function],
        "title": "Rsbuild App",
        "xhtml": false,
      },
      "userOptions": {
        "chunks": [
          "index",
        ],
        "entryName": "index",
        "filename": "index.html",
        "inject": false,
        "meta": {
          "charset": {
            "charset": "UTF-8",
          },
          "viewport": "width=device-width, initial-scale=1.0",
        },
        "minify": false,
        "scriptLoading": "defer",
        "template": "<ROOT>/packages/core/static/template.html",
        "templateParameters": [Function],
        "title": "Rsbuild App",
      },
      "version": 5,
    },
    HtmlBasicPlugin {
      "modifyTagsFn": undefined,
      "name": "HtmlBasicPlugin",
      "options": {
        "index": {},
      },
    },
  ],
}
`;

exports[`plugin-html > should support multi entry 1`] = `
{
  "entry": {
    "foo": [
      "src/foo.ts",
    ],
    "main": [
      "src/main.ts",
    ],
  },
  "plugins": [
    HtmlWebpackPlugin {
      "options": {
        "base": false,
        "cache": true,
        "chunks": [
          "main",
        ],
        "chunksSortMode": "auto",
        "compile": true,
        "entryName": "main",
        "excludeChunks": [],
        "favicon": false,
        "filename": "main.html",
        "hash": false,
        "inject": "head",
        "meta": {
          "charset": {
            "charset": "UTF-8",
          },
          "viewport": "width=device-width, initial-scale=1.0",
        },
        "minify": false,
        "publicPath": "auto",
        "scriptLoading": "defer",
        "showErrors": true,
        "template": "<ROOT>/packages/core/static/template.html",
        "templateContent": false,
        "templateParameters": [Function],
        "title": "Rsbuild App",
        "xhtml": false,
      },
      "userOptions": {
        "chunks": [
          "main",
        ],
        "entryName": "main",
        "filename": "main.html",
        "inject": "head",
        "meta": {
          "charset": {
            "charset": "UTF-8",
          },
          "viewport": "width=device-width, initial-scale=1.0",
        },
        "minify": false,
        "scriptLoading": "defer",
        "template": "<ROOT>/packages/core/static/template.html",
        "templateParameters": [Function],
        "title": "Rsbuild App",
      },
      "version": 5,
    },
    HtmlWebpackPlugin {
      "options": {
        "base": false,
        "cache": true,
        "chunks": [
          "foo",
        ],
        "chunksSortMode": "auto",
        "compile": true,
        "entryName": "foo",
        "excludeChunks": [],
        "favicon": false,
        "filename": "foo.html",
        "hash": false,
        "inject": "head",
        "meta": {
          "charset": {
            "charset": "UTF-8",
          },
          "viewport": "width=device-width, initial-scale=1.0",
        },
        "minify": false,
        "publicPath": "auto",
        "scriptLoading": "defer",
        "showErrors": true,
        "template": "<ROOT>/packages/core/static/template.html",
        "templateContent": false,
        "templateParameters": [Function],
        "title": "Rsbuild App",
        "xhtml": false,
      },
      "userOptions": {
        "chunks": [
          "foo",
        ],
        "entryName": "foo",
        "filename": "foo.html",
        "inject": "head",
        "meta": {
          "charset": {
            "charset": "UTF-8",
          },
          "viewport": "width=device-width, initial-scale=1.0",
        },
        "minify": false,
        "scriptLoading": "defer",
        "template": "<ROOT>/packages/core/static/template.html",
        "templateParameters": [Function],
        "title": "Rsbuild App",
      },
      "version": 5,
    },
    HtmlBasicPlugin {
      "modifyTagsFn": undefined,
      "name": "HtmlBasicPlugin",
      "options": {
        "foo": {},
        "main": {},
      },
    },
  ],
}
`;
