// Vitest Snapshot v1, https://vitest.dev/guide/snapshot.html

exports[`plugin-inline-chunk > should use proper plugin options when inlineScripts is true 1`] = `
{
  "entry": {
    "index": [
      "src/index.js",
    ],
  },
  "plugins": [
    HtmlWebpackPlugin {
      "options": {
        "base": false,
        "cache": true,
        "chunks": [
          "index",
        ],
        "chunksSortMode": "auto",
        "compile": true,
        "entryName": "index",
        "excludeChunks": [],
        "favicon": false,
        "filename": "index.html",
        "hash": false,
        "inject": "head",
        "meta": {
          "charset": {
            "charset": "UTF-8",
          },
          "viewport": "width=device-width, initial-scale=1.0",
        },
        "minify": {
          "collapseWhitespace": true,
          "keepClosingSlash": true,
          "minifyCSS": true,
          "minifyJS": {
            "format": {
              "ascii_only": true,
            },
            "mangle": {
              "safari10": true,
            },
          },
          "minifyURLs": true,
          "removeComments": false,
          "removeEmptyAttributes": true,
          "removeRedundantAttributes": true,
          "removeScriptTypeAttributes": true,
          "removeStyleLinkTypeAttributes": true,
          "useShortDoctype": true,
        },
        "publicPath": "auto",
        "scriptLoading": "defer",
        "showErrors": true,
        "template": "<ROOT>/packages/core/static/template.html",
        "templateContent": false,
        "templateParameters": [Function],
        "title": "Rsbuild App",
        "xhtml": false,
      },
      "userOptions": {
        "chunks": [
          "index",
        ],
        "entryName": "index",
        "filename": "index.html",
        "inject": "head",
        "meta": {
          "charset": {
            "charset": "UTF-8",
          },
          "viewport": "width=device-width, initial-scale=1.0",
        },
        "minify": {
          "collapseWhitespace": true,
          "keepClosingSlash": true,
          "minifyCSS": true,
          "minifyJS": {
            "format": {
              "ascii_only": true,
            },
            "mangle": {
              "safari10": true,
            },
          },
          "minifyURLs": true,
          "removeComments": false,
          "removeEmptyAttributes": true,
          "removeRedundantAttributes": true,
          "removeScriptTypeAttributes": true,
          "removeStyleLinkTypeAttributes": true,
          "useShortDoctype": true,
        },
        "scriptLoading": "defer",
        "template": "<ROOT>/packages/core/static/template.html",
        "templateParameters": [Function],
        "title": "Rsbuild App",
      },
      "version": 5,
    },
    InlineChunkHtmlPlugin {
      "distPath": {
        "css": "static/css",
        "js": "static/js",
      },
      "inlinedAssets": Set {},
      "name": "InlineChunkHtmlPlugin",
      "scriptTests": [
        /\\\\\\.\\(\\?:js\\|mjs\\|cjs\\|jsx\\)\\$/,
      ],
      "styleTests": [],
    },
    HtmlBasicPlugin {
      "modifyTagsFn": undefined,
      "name": "HtmlBasicPlugin",
      "options": {
        "index": {},
      },
    },
  ],
}
`;

exports[`plugin-inline-chunk > should use proper plugin options when inlineStyles is true 1`] = `
{
  "entry": {
    "index": [
      "src/index.js",
    ],
  },
  "plugins": [
    HtmlWebpackPlugin {
      "options": {
        "base": false,
        "cache": true,
        "chunks": [
          "index",
        ],
        "chunksSortMode": "auto",
        "compile": true,
        "entryName": "index",
        "excludeChunks": [],
        "favicon": false,
        "filename": "index.html",
        "hash": false,
        "inject": "head",
        "meta": {
          "charset": {
            "charset": "UTF-8",
          },
          "viewport": "width=device-width, initial-scale=1.0",
        },
        "minify": {
          "collapseWhitespace": true,
          "keepClosingSlash": true,
          "minifyCSS": true,
          "minifyJS": {
            "format": {
              "ascii_only": true,
            },
            "mangle": {
              "safari10": true,
            },
          },
          "minifyURLs": true,
          "removeComments": false,
          "removeEmptyAttributes": true,
          "removeRedundantAttributes": true,
          "removeScriptTypeAttributes": true,
          "removeStyleLinkTypeAttributes": true,
          "useShortDoctype": true,
        },
        "publicPath": "auto",
        "scriptLoading": "defer",
        "showErrors": true,
        "template": "<ROOT>/packages/core/static/template.html",
        "templateContent": false,
        "templateParameters": [Function],
        "title": "Rsbuild App",
        "xhtml": false,
      },
      "userOptions": {
        "chunks": [
          "index",
        ],
        "entryName": "index",
        "filename": "index.html",
        "inject": "head",
        "meta": {
          "charset": {
            "charset": "UTF-8",
          },
          "viewport": "width=device-width, initial-scale=1.0",
        },
        "minify": {
          "collapseWhitespace": true,
          "keepClosingSlash": true,
          "minifyCSS": true,
          "minifyJS": {
            "format": {
              "ascii_only": true,
            },
            "mangle": {
              "safari10": true,
            },
          },
          "minifyURLs": true,
          "removeComments": false,
          "removeEmptyAttributes": true,
          "removeRedundantAttributes": true,
          "removeScriptTypeAttributes": true,
          "removeStyleLinkTypeAttributes": true,
          "useShortDoctype": true,
        },
        "scriptLoading": "defer",
        "template": "<ROOT>/packages/core/static/template.html",
        "templateParameters": [Function],
        "title": "Rsbuild App",
      },
      "version": 5,
    },
    InlineChunkHtmlPlugin {
      "distPath": {
        "css": "static/css",
        "js": "static/js",
      },
      "inlinedAssets": Set {},
      "name": "InlineChunkHtmlPlugin",
      "scriptTests": [],
      "styleTests": [
        /\\\\\\.css\\$/,
      ],
    },
    HtmlBasicPlugin {
      "modifyTagsFn": undefined,
      "name": "HtmlBasicPlugin",
      "options": {
        "index": {},
      },
    },
  ],
}
`;
