// Vitest Snapshot v1, https://vitest.dev/guide/snapshot.html

exports[`plugin-module-federation > should set environment module federation config correctly 1`] = `
[
  {
    "optimization": {
      "splitChunks": {
        "cacheGroups": {},
        "chunks": "all",
        "enforceSizeThreshold": 50000,
      },
    },
    "plugins": [
      ModuleFederationPlugin {
        "_options": {
          "exposes": {
            "Button": "src/Button",
          },
          "filename": "remoteEntry.js",
          "name": "remote",
          "shared": {
            "react": {
              "requiredVersion": "^18.2.0",
              "singleton": true,
            },
            "react-dom": {
              "requiredVersion": "^18.2.0",
              "singleton": true,
            },
          },
        },
      },
      PatchSplitChunksPlugin {
        "name": "remote",
      },
    ],
  },
  {
    "optimization": {
      "splitChunks": {
        "cacheGroups": {
          "lib-axios": {
            "name": "lib-axios",
            "priority": 0,
            "reuseExistingChunk": true,
            "test": /\\[\\\\\\\\/\\]node_modules\\[\\\\\\\\/\\]\\(axios\\|axios-\\.\\+\\)\\[\\\\\\\\/\\]/,
          },
          "lib-lodash": {
            "name": "lib-lodash",
            "priority": 0,
            "reuseExistingChunk": true,
            "test": /\\[\\\\\\\\/\\]node_modules\\[\\\\\\\\/\\]\\(lodash\\|lodash-es\\)\\[\\\\\\\\/\\]/,
          },
          "lib-polyfill": {
            "name": "lib-polyfill",
            "priority": 0,
            "reuseExistingChunk": true,
            "test": /\\[\\\\\\\\/\\]node_modules\\[\\\\\\\\/\\]\\(tslib\\|core-js\\|@babel\\\\/runtime\\|@swc\\\\/helpers\\)\\[\\\\\\\\/\\]/,
          },
        },
        "chunks": "all",
        "enforceSizeThreshold": 50000,
      },
    },
  },
]
`;

exports[`plugin-module-federation > should set module federation and environment chunkSplit config correctly 1`] = `
[
  {
    "optimization": {
      "splitChunks": {
        "cacheGroups": {},
        "chunks": "all",
        "enforceSizeThreshold": 50000,
      },
    },
    "plugins": [
      ModuleFederationPlugin {
        "_options": {
          "exposes": {
            "Button": "src/Button",
          },
          "filename": "remoteEntry.js",
          "name": "remote",
          "shared": {
            "react": {
              "requiredVersion": "^18.2.0",
              "singleton": true,
            },
            "react-dom": {
              "requiredVersion": "^18.2.0",
              "singleton": true,
            },
          },
        },
      },
      PatchSplitChunksPlugin {
        "name": "remote",
      },
    ],
  },
  {
    "optimization": {
      "splitChunks": false,
    },
    "plugins": [
      ModuleFederationPlugin {
        "_options": {
          "exposes": {
            "Button": "src/Button",
          },
          "filename": "remoteEntry.js",
          "name": "remote",
          "shared": {
            "react": {
              "requiredVersion": "^18.2.0",
              "singleton": true,
            },
            "react-dom": {
              "requiredVersion": "^18.2.0",
              "singleton": true,
            },
          },
        },
      },
      PatchSplitChunksPlugin {
        "name": "remote",
      },
    ],
  },
]
`;

exports[`plugin-module-federation > should set module federation config 1`] = `
{
  "optimization": {
    "splitChunks": {
      "cacheGroups": {},
      "chunks": "all",
      "enforceSizeThreshold": 50000,
    },
  },
  "plugins": [
    ModuleFederationPlugin {
      "_options": {
        "exposes": {
          "Button": "src/Button",
        },
        "filename": "remoteEntry.js",
        "name": "remote",
        "shared": {
          "react": {
            "requiredVersion": "^18.2.0",
            "singleton": true,
          },
          "react-dom": {
            "requiredVersion": "^18.2.0",
            "singleton": true,
          },
        },
      },
    },
    PatchSplitChunksPlugin {
      "name": "remote",
    },
  ],
}
`;
