// Rstest Snapshot v1

exports[`plugin-wasm > should add wasm rule properly 1`] = `
{
  "experiments": {
    "asyncWebAssembly": true,
  },
  "module": {
    "rules": [
      {
        "dependency": "url",
        "generator": {
          "filename": "static/wasm/[contenthash:8].module.wasm",
        },
        "test": /\\\\\\.wasm\\$/,
        "type": "asset/resource",
      },
    ],
  },
  "output": {
    "webassemblyModuleFilename": "static/wasm/[contenthash:8].module.wasm",
  },
  "plugins": [
    {
      "name": "RsbuildCorePlugin",
    },
  ],
}
`;
